Archive member included because of file (symbol)

d:/sdk/imt_sdk_win_64/winavr/bin/../lib/gcc/avr/4.3.3/avr5\libgcc.a(_exit.o)
                              d:/sdk/imt_sdk_win_64/winavr/bin/../lib/gcc/avr/4.3.3/../../../../avr/lib/avr5/crtm32.o (exit)

Memory Configuration

Name             Origin             Length             Attributes
text             0x00000000         0x00020000         xr
data             0x00800060         0x0000ffa0         rw !x
eeprom           0x00810000         0x00010000         rw !x
fuse             0x00820000         0x00000400         rw !x
lock             0x00830000         0x00000400         rw !x
signature        0x00840000         0x00000400         rw !x
*default*        0x00000000         0xffffffff

Linker script and memory map

LOAD d:/sdk/imt_sdk_win_64/winavr/bin/../lib/gcc/avr/4.3.3/../../../../avr/lib/avr5/crtm32.o
LOAD ./APP.o
LOAD ./DIO_Prog.o
LOAD ./EEPROM_prog.o
LOAD ./I2C_Prog.o
LOAD d:/sdk/imt_sdk_win_64/winavr/bin/../lib/gcc/avr/4.3.3/avr5\libgcc.a
LOAD d:/sdk/imt_sdk_win_64/winavr/bin/../lib/gcc/avr/4.3.3/../../../../avr/lib/avr5\libc.a
LOAD d:/sdk/imt_sdk_win_64/winavr/bin/../lib/gcc/avr/4.3.3/avr5\libgcc.a

.hash
 *(.hash)

.dynsym
 *(.dynsym)

.dynstr
 *(.dynstr)

.gnu.version
 *(.gnu.version)

.gnu.version_d
 *(.gnu.version_d)

.gnu.version_r
 *(.gnu.version_r)

.rel.init
 *(.rel.init)

.rela.init
 *(.rela.init)

.rel.text
 *(.rel.text)
 *(.rel.text.*)
 *(.rel.gnu.linkonce.t*)

.rela.text
 *(.rela.text)
 *(.rela.text.*)
 *(.rela.gnu.linkonce.t*)

.rel.fini
 *(.rel.fini)

.rela.fini
 *(.rela.fini)

.rel.rodata
 *(.rel.rodata)
 *(.rel.rodata.*)
 *(.rel.gnu.linkonce.r*)

.rela.rodata
 *(.rela.rodata)
 *(.rela.rodata.*)
 *(.rela.gnu.linkonce.r*)

.rel.data
 *(.rel.data)
 *(.rel.data.*)
 *(.rel.gnu.linkonce.d*)

.rela.data
 *(.rela.data)
 *(.rela.data.*)
 *(.rela.gnu.linkonce.d*)

.rel.ctors
 *(.rel.ctors)

.rela.ctors
 *(.rela.ctors)

.rel.dtors
 *(.rel.dtors)

.rela.dtors
 *(.rela.dtors)

.rel.got
 *(.rel.got)

.rela.got
 *(.rela.got)

.rel.bss
 *(.rel.bss)

.rela.bss
 *(.rela.bss)

.rel.plt
 *(.rel.plt)

.rela.plt
 *(.rela.plt)

.text           0x00000000      0xc48
 *(.vectors)
 .vectors       0x00000000       0x54 d:/sdk/imt_sdk_win_64/winavr/bin/../lib/gcc/avr/4.3.3/../../../../avr/lib/avr5/crtm32.o
                0x00000000                __vectors
                0x00000000                __vector_default
 *(.vectors)
 *(.progmem.gcc*)
 *(.progmem*)
                0x00000054                . = ALIGN (0x2)
                0x00000054                __trampolines_start = .
 *(.trampolines)
 .trampolines   0x00000054        0x0 linker stubs
 *(.trampolines*)
                0x00000054                __trampolines_end = .
 *(.jumptables)
 *(.jumptables*)
 *(.lowtext)
 *(.lowtext*)
                0x00000054                __ctors_start = .
 *(.ctors)
                0x00000054                __ctors_end = .
                0x00000054                __dtors_start = .
 *(.dtors)
                0x00000054                __dtors_end = .
 SORT(*)(.ctors)
 SORT(*)(.dtors)
 *(.init0)
 .init0         0x00000054        0x0 d:/sdk/imt_sdk_win_64/winavr/bin/../lib/gcc/avr/4.3.3/../../../../avr/lib/avr5/crtm32.o
                0x00000054                __init
 *(.init0)
 *(.init1)
 *(.init1)
 *(.init2)
 .init2         0x00000054        0xc d:/sdk/imt_sdk_win_64/winavr/bin/../lib/gcc/avr/4.3.3/../../../../avr/lib/avr5/crtm32.o
 *(.init2)
 *(.init3)
 *(.init3)
 *(.init4)
 *(.init4)
 *(.init5)
 *(.init5)
 *(.init6)
 *(.init6)
 *(.init7)
 *(.init7)
 *(.init8)
 *(.init8)
 *(.init9)
 .init9         0x00000060        0x8 d:/sdk/imt_sdk_win_64/winavr/bin/../lib/gcc/avr/4.3.3/../../../../avr/lib/avr5/crtm32.o
 *(.init9)
 *(.text)
 .text          0x00000068        0x4 d:/sdk/imt_sdk_win_64/winavr/bin/../lib/gcc/avr/4.3.3/../../../../avr/lib/avr5/crtm32.o
                0x00000068                __vector_1
                0x00000068                __vector_12
                0x00000068                __bad_interrupt
                0x00000068                __vector_6
                0x00000068                __vector_3
                0x00000068                __vector_11
                0x00000068                __vector_13
                0x00000068                __vector_17
                0x00000068                __vector_19
                0x00000068                __vector_7
                0x00000068                __vector_5
                0x00000068                __vector_4
                0x00000068                __vector_9
                0x00000068                __vector_2
                0x00000068                __vector_15
                0x00000068                __vector_8
                0x00000068                __vector_14
                0x00000068                __vector_10
                0x00000068                __vector_16
                0x00000068                __vector_18
                0x00000068                __vector_20
 .text          0x0000006c        0x0 ./APP.o
 .text          0x0000006c        0x0 ./DIO_Prog.o
 .text          0x0000006c        0x0 ./EEPROM_prog.o
 .text          0x0000006c        0x0 ./I2C_Prog.o
 .text          0x0000006c        0x0 d:/sdk/imt_sdk_win_64/winavr/bin/../lib/gcc/avr/4.3.3/avr5\libgcc.a(_exit.o)
                0x0000006c                . = ALIGN (0x2)
 *(.text.*)
 .text.main     0x0000006c       0x36 ./APP.o
                0x0000006c                main
 .text.DIO_vdSetPortDirection
                0x000000a2       0x88 ./DIO_Prog.o
                0x000000a2                DIO_vdSetPortDirection
 .text.DIO_vdSetPortValue
                0x0000012a       0xf4 ./DIO_Prog.o
                0x0000012a                DIO_vdSetPortValue
 .text.DIO_vdSetPintDirection
                0x0000021e      0x210 ./DIO_Prog.o
                0x0000021e                DIO_vdSetPintDirection
 .text.DIO_vdSetPinValue
                0x0000042e      0x210 ./DIO_Prog.o
                0x0000042e                DIO_vdSetPinValue
 .text.DIO_u8GetPinValue
                0x0000063e      0x114 ./DIO_Prog.o
                0x0000063e                DIO_u8GetPinValue
 .text.DIO_vdTogPortValue
                0x00000752       0x9e ./DIO_Prog.o
                0x00000752                DIO_vdTogPortValue
 .text.DIO_vdTogPinValue
                0x000007f0      0x102 ./DIO_Prog.o
                0x000007f0                DIO_vdTogPinValue
 .text.EEPROM_write
                0x000008f2       0x6c ./EEPROM_prog.o
                0x000008f2                EEPROM_write
 .text.EEPROM_read
                0x0000095e       0x76 ./EEPROM_prog.o
                0x0000095e                EEPROM_read
 .text.init_vdMaster
                0x000009d4       0x5c ./I2C_Prog.o
                0x000009d4                init_vdMaster
 .text.Send_vdStartCondition
                0x00000a30       0x3a ./I2C_Prog.o
                0x00000a30                Send_vdStartCondition
 .text.Send_vdStopCondition
                0x00000a6a       0x3a ./I2C_Prog.o
                0x00000a6a                Send_vdStopCondition
 .text.Send_vdSlaveAddWrite
                0x00000aa4       0x5c ./I2C_Prog.o
                0x00000aa4                Send_vdSlaveAddWrite
 .text.Send_u8SlaveAddRead
                0x00000b00       0x56 ./I2C_Prog.o
                0x00000b00                Send_u8SlaveAddRead
 .text.Send_vdRepStartCondition
                0x00000b56       0x3a ./I2C_Prog.o
                0x00000b56                Send_vdRepStartCondition
 .text.Send_vdData
                0x00000b90       0x3a ./I2C_Prog.o
                0x00000b90                Send_vdData
 .text.Read_u8Data
                0x00000bca       0x32 ./I2C_Prog.o
                0x00000bca                Read_u8Data
 .text.init_vdSlave
                0x00000bfc       0x48 ./I2C_Prog.o
                0x00000bfc                init_vdSlave
 .text.libgcc   0x00000c44        0x0 d:/sdk/imt_sdk_win_64/winavr/bin/../lib/gcc/avr/4.3.3/avr5\libgcc.a(_exit.o)
                0x00000c44                . = ALIGN (0x2)
 *(.fini9)
 .fini9         0x00000c44        0x0 d:/sdk/imt_sdk_win_64/winavr/bin/../lib/gcc/avr/4.3.3/avr5\libgcc.a(_exit.o)
                0x00000c44                exit
                0x00000c44                _exit
 *(.fini9)
 *(.fini8)
 *(.fini8)
 *(.fini7)
 *(.fini7)
 *(.fini6)
 *(.fini6)
 *(.fini5)
 *(.fini5)
 *(.fini4)
 *(.fini4)
 *(.fini3)
 *(.fini3)
 *(.fini2)
 *(.fini2)
 *(.fini1)
 *(.fini1)
 *(.fini0)
 .fini0         0x00000c44        0x4 d:/sdk/imt_sdk_win_64/winavr/bin/../lib/gcc/avr/4.3.3/avr5\libgcc.a(_exit.o)
 *(.fini0)
                0x00000c48                _etext = .

.data           0x00800060        0x0 load address 0x00000c48
                0x00800060                PROVIDE (__data_start, .)
 *(.data)
 .data          0x00800060        0x0 d:/sdk/imt_sdk_win_64/winavr/bin/../lib/gcc/avr/4.3.3/../../../../avr/lib/avr5/crtm32.o
 .data          0x00800060        0x0 ./APP.o
 .data          0x00800060        0x0 ./DIO_Prog.o
 .data          0x00800060        0x0 ./EEPROM_prog.o
 .data          0x00800060        0x0 ./I2C_Prog.o
 .data          0x00800060        0x0 d:/sdk/imt_sdk_win_64/winavr/bin/../lib/gcc/avr/4.3.3/avr5\libgcc.a(_exit.o)
 *(.data*)
 *(.rodata)
 *(.rodata*)
 *(.gnu.linkonce.d*)
                0x00800060                . = ALIGN (0x2)
                0x00800060                _edata = .
                0x00800060                PROVIDE (__data_end, .)

.bss            0x00800060        0x0
                0x00800060                PROVIDE (__bss_start, .)
 *(.bss)
 .bss           0x00800060        0x0 d:/sdk/imt_sdk_win_64/winavr/bin/../lib/gcc/avr/4.3.3/../../../../avr/lib/avr5/crtm32.o
 .bss           0x00800060        0x0 ./APP.o
 .bss           0x00800060        0x0 ./DIO_Prog.o
 .bss           0x00800060        0x0 ./EEPROM_prog.o
 .bss           0x00800060        0x0 ./I2C_Prog.o
 .bss           0x00800060        0x0 d:/sdk/imt_sdk_win_64/winavr/bin/../lib/gcc/avr/4.3.3/avr5\libgcc.a(_exit.o)
 *(.bss*)
 *(COMMON)
                0x00800060                PROVIDE (__bss_end, .)
                0x00000c48                __data_load_start = LOADADDR (.data)
                0x00000c48                __data_load_end = (__data_load_start + SIZEOF (.data))

.noinit         0x00800060        0x0
                0x00800060                PROVIDE (__noinit_start, .)
 *(.noinit*)
                0x00800060                PROVIDE (__noinit_end, .)
                0x00800060                _end = .
                0x00800060                PROVIDE (__heap_start, .)

.eeprom         0x00810000        0x0
 *(.eeprom*)
                0x00810000                __eeprom_end = .

.fuse
 *(.fuse)
 *(.lfuse)
 *(.hfuse)
 *(.efuse)

.lock
 *(.lock*)

.signature
 *(.signature*)

.stab           0x00000000      0xe34
 *(.stab)
 .stab          0x00000000      0x1d4 ./APP.o
 .stab          0x000001d4      0x57c ./DIO_Prog.o
                                0x5f4 (size before relaxing)
 .stab          0x00000750      0x2dc ./EEPROM_prog.o
                                0x354 (size before relaxing)
 .stab          0x00000a2c      0x408 ./I2C_Prog.o
                                0x480 (size before relaxing)

.stabstr        0x00000000      0x5d8
 *(.stabstr)
 .stabstr       0x00000000      0x5d8 ./APP.o

.stab.excl
 *(.stab.excl)

.stab.exclstr
 *(.stab.exclstr)

.stab.index
 *(.stab.index)

.stab.indexstr
 *(.stab.indexstr)

.comment
 *(.comment)

.debug
 *(.debug)

.line
 *(.line)

.debug_srcinfo
 *(.debug_srcinfo)

.debug_sfnames
 *(.debug_sfnames)

.debug_aranges
 *(.debug_aranges)

.debug_pubnames
 *(.debug_pubnames)

.debug_info
 *(.debug_info)
 *(.gnu.linkonce.wi.*)

.debug_abbrev
 *(.debug_abbrev)

.debug_line
 *(.debug_line)

.debug_frame
 *(.debug_frame)

.debug_str
 *(.debug_str)

.debug_loc
 *(.debug_loc)

.debug_macinfo
 *(.debug_macinfo)
OUTPUT(EEPROM.elf elf32-avr)
LOAD linker stubs
